// Jest Snapshot v1, https://goo.gl/fbAQLP

exports[`RankingTable renders and matches snapshot 1`] = `
<div
  className="ranking-table-wrapper"
>
  <table
    className="ranking-table"
  >
    <thead>
      <tr
        className="row header-row"
      >
        <th>
          #
        </th>
        <th>
          Camper
        </th>
        <th>
          <div
            className="points"
          >
            <span>
              Points in last 30 days
            </span>
            <div
              className="points-sorters"
            >
              <div>
                <button
                  className="recent up inactive"
                  onClick={null}
                  title="Sort descending"
                >
                  <i
                    className="fas fa-caret-up"
                  />
                </button>
              </div>
              <div>
                <button
                  className="recent down"
                  onClick={[Function]}
                  title="Sort ascending"
                >
                  <i
                    className="fas fa-caret-down"
                  />
                </button>
              </div>
            </div>
          </div>
        </th>
        <th>
          <div
            className="points"
          >
            <span>
              All time points
            </span>
            <div
              className="points-sorters"
            >
              <div>
                <button
                  className="alltime up"
                  onClick={[Function]}
                  title="Sort descending"
                >
                  <i
                    className="fas fa-caret-up"
                  />
                </button>
              </div>
              <div>
                <button
                  className="alltime down"
                  onClick={[Function]}
                  title="Sort ascending"
                >
                  <i
                    className="fas fa-caret-down"
                  />
                </button>
              </div>
            </div>
          </div>
        </th>
      </tr>
    </thead>
    <tbody>
      <tr
        className="row"
      >
        <td>
          1
        </td>
        <td>
          <a
            className="user-info"
            href="https://www.freecodecamp.org/a"
          >
            <img
              alt="a avatar"
              src="#"
            />
            <p>
              a
            </p>
          </a>
        </td>
        <td>
          5
        </td>
        <td>
          10
        </td>
      </tr>
      <tr
        className="row"
      >
        <td>
          2
        </td>
        <td>
          <a
            className="user-info"
            href="https://www.freecodecamp.org/b"
          >
            <img
              alt="b avatar"
              src="#"
            />
            <p>
              b
            </p>
          </a>
        </td>
        <td>
          4
        </td>
        <td>
          8
        </td>
      </tr>
      <tr
        className="row"
      >
        <td>
          3
        </td>
        <td>
          <a
            className="user-info"
            href="https://www.freecodecamp.org/c"
          >
            <img
              alt="c avatar"
              src="#"
            />
            <p>
              c
            </p>
          </a>
        </td>
        <td>
          3
        </td>
        <td>
          6
        </td>
      </tr>
    </tbody>
  </table>
</div>
`;
